2024-05-11 16:58:19,257 transreid INFO: Namespace(config_file='configs/person/my_vit_clipreid.yml', opts=[])
2024-05-11 16:58:19,257 transreid INFO: Loaded configuration file configs/person/my_vit_clipreid.yml
2024-05-11 16:58:19,257 transreid INFO: 
MODEL:
  PRETRAIN_CHOICE: 'imagenet'
  METRIC_LOSS_TYPE: 'triplet'
  IF_LABELSMOOTH: 'on'
  IF_WITH_CENTER: 'no'
  NAME: 'ViT-B-16'
  STRIDE_SIZE: [16, 16]
  ID_LOSS_WEIGHT : 0.25
  TRIPLET_LOSS_WEIGHT : 1.0
  I2T_LOSS_WEIGHT : 1.0
  # SIE_CAMERA: True
  # SIE_COE : 1.0

INPUT:
  SIZE_TRAIN: [256, 128]
  SIZE_TEST: [256, 128]
  PROB: 0.5 # random horizontal flip
  RE_PROB: 0.5 # random erasing
  PADDING: 10
  PIXEL_MEAN: [0.5, 0.5, 0.5]
  PIXEL_STD: [0.5, 0.5, 0.5]

DATALOADER:
  SAMPLER: 'softmax_triplet'
  NUM_INSTANCE: 4
  NUM_WORKERS: 8

SOLVER:
  STAGE1:
    IMS_PER_BATCH: 64
    OPTIMIZER_NAME: "Adam"
    BASE_LR: 0.00035
    WARMUP_LR_INIT: 0.00001
    LR_MIN: 1e-6
    WARMUP_METHOD: 'linear'
    WEIGHT_DECAY:  1e-4
    WEIGHT_DECAY_BIAS: 1e-4
    MAX_EPOCHS: 120
    CHECKPOINT_PERIOD: 120
    LOG_PERIOD: 50
    WARMUP_EPOCHS: 5
  
  STAGE2:
    IMS_PER_BATCH: 64
    OPTIMIZER_NAME: "Adam"
    BASE_LR: 0.000005
    WARMUP_METHOD: 'linear'
    WARMUP_ITERS: 10
    WARMUP_FACTOR: 0.1
    WEIGHT_DECAY:  0.0001
    WEIGHT_DECAY_BIAS: 0.0001
    LARGE_FC_LR: False
    MAX_EPOCHS: 60
    CHECKPOINT_PERIOD: 60
    LOG_PERIOD: 50
    EVAL_PERIOD: 60
    BIAS_LR_FACTOR: 2
    
    STEPS: [30, 50]
    GAMMA: 0.1
  
TEST:
  EVAL: True
  IMS_PER_BATCH: 64
  RE_RANKING: False
  WEIGHT: 'D:\\CLIP-ReID-Model\\Market1501_clipreid_ViT-B-16_60.pth'
  NECK_FEAT: 'before'
  FEAT_NORM: 'yes'

DATASETS:
   NAMES: 'sysu_mm01'
   ROOT_DIR: 'E:\\hhj'
OUTPUT_DIR: 'output'


#   NAMES: ('market1501')
#   ROOT_DIR: ('')
# OUTPUT_DIR: ''

#   NAMES: ('dukemtmc')
#   ROOT_DIR: ('')
# OUTPUT_DIR: ''

#   NAMES: ('occ_duke')
#   ROOT_DIR: ('')
# OUTPUT_DIR: ''

#   NAMES: ('msmt17')
#   ROOT_DIR: ('')
# OUTPUT_DIR: ''

# CUDA_VISIBLE_DEVICES=3 python train_clipreid.py --config_file configs/person/vit_clipreid.yml

2024-05-11 16:58:19,257 transreid INFO: Running with config:
DATALOADER:
  NUM_INSTANCE: 4
  NUM_WORKERS: 8
  SAMPLER: softmax_triplet
DATASETS:
  NAMES: sysu_mm01
  ROOT_DIR: E:\\hhj
INPUT:
  PADDING: 10
  PIXEL_MEAN: [0.5, 0.5, 0.5]
  PIXEL_STD: [0.5, 0.5, 0.5]
  PROB: 0.5
  RE_PROB: 0.5
  SIZE_TEST: [256, 128]
  SIZE_TRAIN: [256, 128]
MODEL:
  ATT_DROP_RATE: 0.0
  COS_LAYER: False
  DEVICE: cuda
  DEVICE_ID: 0
  DIST_TRAIN: False
  DROP_OUT: 0.0
  DROP_PATH: 0.1
  I2T_LOSS_WEIGHT: 1.0
  ID_LOSS_TYPE: softmax
  ID_LOSS_WEIGHT: 0.25
  IF_LABELSMOOTH: on
  IF_WITH_CENTER: no
  LAST_STRIDE: 1
  METRIC_LOSS_TYPE: triplet
  NAME: ViT-B-16
  NECK: bnneck
  NO_MARGIN: False
  PRETRAIN_CHOICE: imagenet
  PRETRAIN_PATH: 
  SIE_CAMERA: False
  SIE_COE: 3.0
  SIE_VIEW: False
  STRIDE_SIZE: [16, 16]
  TRANSFORMER_TYPE: None
  TRIPLET_LOSS_WEIGHT: 1.0
OUTPUT_DIR: output
SOLVER:
  MARGIN: 0.3
  SEED: 1234
  STAGE1:
    BASE_LR: 0.00035
    CHECKPOINT_PERIOD: 120
    COSINE_MARGIN: 0.5
    COSINE_SCALE: 30
    EVAL_PERIOD: 10
    IMS_PER_BATCH: 64
    LOG_PERIOD: 50
    LR_MIN: 1e-06
    MAX_EPOCHS: 120
    MOMENTUM: 0.9
    OPTIMIZER_NAME: Adam
    WARMUP_EPOCHS: 5
    WARMUP_FACTOR: 0.01
    WARMUP_ITERS: 500
    WARMUP_LR_INIT: 1e-05
    WARMUP_METHOD: linear
    WEIGHT_DECAY: 0.0001
    WEIGHT_DECAY_BIAS: 0.0001
  STAGE2:
    BASE_LR: 5e-06
    BIAS_LR_FACTOR: 2
    CENTER_LOSS_WEIGHT: 0.0005
    CENTER_LR: 0.5
    CHECKPOINT_PERIOD: 60
    COSINE_MARGIN: 0.5
    COSINE_SCALE: 30
    EVAL_PERIOD: 60
    GAMMA: 0.1
    IMS_PER_BATCH: 64
    LARGE_FC_LR: False
    LOG_PERIOD: 50
    LR_MIN: 1.6e-05
    MAX_EPOCHS: 60
    MOMENTUM: 0.9
    OPTIMIZER_NAME: Adam
    STEPS: (30, 50)
    WARMUP_EPOCHS: 5
    WARMUP_FACTOR: 0.1
    WARMUP_ITERS: 10
    WARMUP_LR_INIT: 0.01
    WARMUP_METHOD: linear
    WEIGHT_DECAY: 0.0001
    WEIGHT_DECAY_BIAS: 0.0001
TEST:
  DIST_MAT: dist_mat.npy
  EVAL: True
  FEAT_NORM: yes
  IMS_PER_BATCH: 64
  NECK_FEAT: before
  RE_RANKING: False
  WEIGHT: D:\\CLIP-ReID-Model\\Market1501_clipreid_ViT-B-16_60.pth
config_file: configs/person/vit_clipreid.yml
